I'm sorry, but errors were detected in your script. Please correct the
errors listed below, and try again.


File "game/bossfight.rpy", line 45: choice menuitem expects a non-empty block.
    "Назад":
            ^

Ren'Py Version: Ren'Py 8.3.4.24120703
Tue Dec 17 16:51:38 2024
